files/145.csv
id,week,center_id,meal_id,checkout_price,base_price,emailer_for_promotion,homepage_featured,num_orders
1199098,1,145,2577,241.53,242.53,0,0,67
1310196,2,145,2577,243.53,242.53,0,0,123
1037611,3,145,2577,243.53,242.53,0,0,80
1023635,4,145,2577,243.53,241.53,0,0,94
1186869,5,145,2577,241.53,241.53,0,0,82
1259973,6,145,2577,241.53,243.53,0,0,121
1027743,7,145,2577,241.53,242.53,0,0,108
1231614,8,145,2577,242.53,243.53,0,0,69
1435227,9,145,2577,242.53,241.53,0,0,123
1325565,10,145,2577,243.53,241.53,0,0,54
1328807,11,145,2577,243.53,242.53,0,0,42
1182437,12,145,2577,241.53,243.53,0,0,95
1023011,13,145,2577,243.53,243.53,0,0,40
1400736,14,145,2577,243.53,241.53,0,0,81
1407430,15,145,2577,241.53,242.53,0,0,96
1100795,16,145,2577,243.53,243.53,0,0,27
1393872,17,145,2577,242.53,241.53,0,0,94
1086912,18,145,2577,242.53,241.53,0,0,14
1222161,19,145,2577,241.53,243.53,0,0,40
1166269,20,145,2577,243.53,243.53,0,0,27
1146749,21,145,2577,241.53,243.53,0,0,81
1071981,22,145,2577,268.72,269.72,0,0,42
1454635,23,145,2577,282.33,281.33,0,0,80
1218092,24,145,2577,280.33,281.33,0,0,95
1204822,25,145,2577,281.33,282.33,0,0,27
1451011,26,145,2577,280.33,280.33,0,0,80
1141338,27,145,2577,280.33,282.33,0,0,121
1481796,28,145,2577,281.33,280.33,0,0,68
1303558,29,145,2577,280.33,282.33,0,0,67
1122689,30,145,2577,282.33,282.33,0,0,28
1385008,31,145,2577,281.33,280.33,0,0,135
1147791,32,145,2577,281.33,281.33,0,0,82
1130491,33,145,2577,281.33,282.33,0,0,123
1243936,34,145,2577,282.33,280.33,0,0,121
1141202,35,145,2577,280.33,280.33,0,0,95
1153515,36,145,2577,280.33,281.33,0,0,161
1313422,37,145,2577,280.33,281.33,0,0,80
1082078,38,145,2577,280.33,281.33,0,0,67
1078038,39,145,2577,280.33,282.33,0,0,109
1197427,40,145,2577,281.33,280.33,0,0,67
1365050,41,145,2577,281.33,281.33,0,0,109
1492748,42,145,2577,280.33,281.33,0,0,109
1092364,43,145,2577,280.33,280.33,0,0,69
1405760,44,145,2577,280.33,280.33,0,0,68
1221856,45,145,2577,282.33,280.33,0,0,108
1005803,46,145,2577,281.33,280.33,0,0,54
1121618,47,145,2577,280.33,280.33,0,0,54
1186965,48,145,2577,281.33,282.33,0,0,54
1330071,49,145,2577,280.33,280.33,0,0,55
1316498,50,145,2577,280.33,280.33,0,0,96
1373227,51,145,2577,280.33,280.33,0,0,42
1111916,52,145,2577,281.33,280.33,0,0,69
1413351,53,145,2577,280.33,282.33,0,0,40
1081969,54,145,2577,282.33,281.33,0,0,94
1095397,55,145,2577,280.33,280.33,0,0,54
1400517,56,145,2577,280.33,280.33,0,0,121
1431683,57,145,2577,281.33,280.33,0,0,95
1418713,58,145,2577,280.33,282.33,0,0,80
1325355,59,145,2577,282.33,280.33,0,0,96
1272475,60,145,2577,280.33,282.33,0,0,108
1093426,61,145,2577,281.33,282.33,0,0,53
1010084,62,145,2577,281.33,280.33,0,0,41
1254842,63,145,2577,281.33,280.33,0,0,41
1141370,64,145,2577,281.33,281.33,0,0,26
1142470,65,145,2577,281.33,282.33,0,0,123
1400306,66,145,2577,280.33,282.33,0,0,108
1087074,67,145,2577,282.33,281.33,0,0,67
1319269,68,145,2577,281.33,281.33,0,0,81
1486156,69,145,2577,281.33,281.33,0,0,81
1141033,70,145,2577,282.33,282.33,0,0,68
1230586,71,145,2577,281.33,280.33,0,0,67
1034749,72,145,2577,282.33,280.33,0,0,27
1339832,73,145,2577,282.33,281.33,0,0,136
1340268,74,145,2577,280.33,282.33,0,0,55
1151742,75,145,2577,281.33,280.33,0,0,53
1150416,76,145,2577,282.33,280.33,0,0,68
1391920,77,145,2577,280.33,281.33,0,0,41
1353390,78,145,2577,282.33,281.33,0,0,94
1449497,79,145,2577,282.33,282.33,0,0,55
1356103,80,145,2577,282.33,280.33,0,0,53
1046753,81,145,2577,281.33,282.33,0,0,80
1427492,82,145,2577,282.33,280.33,0,0,69
1315069,83,145,2577,282.33,281.33,0,0,15
1133891,84,145,2577,280.33,282.33,0,0,13
1191677,85,145,2577,193.03,281.33,1,0,121
1416735,86,145,2577,193.03,280.33,1,0,94
1390798,87,145,2577,194.03,280.33,0,0,96
1449939,88,145,2577,282.33,280.33,0,0,26
1256000,89,145,2577,282.33,281.33,0,0,28
1080658,90,145,2577,282.33,281.33,0,0,55
1154365,91,145,2577,281.33,282.33,0,0,69
1303237,92,145,2577,280.33,281.33,0,0,55
1298315,93,145,2577,282.33,281.33,0,0,55
1333785,94,145,2577,280.33,280.33,0,0,95
1439121,95,145,2577,280.33,280.33,0,0,67
1016889,96,145,2577,282.33,280.33,0,0,42
1146057,98,145,2577,282.33,280.33,0,0,27
1020241,99,145,2577,282.33,282.33,0,0,28
1083345,100,145,2577,281.33,280.33,0,0,54
1412445,101,145,2577,280.33,281.33,0,0,40
1373120,102,145,2577,281.33,280.33,0,0,28
1470393,103,145,2577,282.33,281.33,0,0,53
1444620,104,145,2577,280.33,280.33,0,0,26
1325900,105,145,2577,281.33,281.33,0,0,13
1023721,106,145,2577,281.33,280.33,0,0,53
1189688,107,145,2577,212.46,282.33,1,0,67
1298618,108,145,2577,213.46,280.33,1,0,136
1122140,109,145,2577,213.46,282.33,1,0,67
1099671,110,145,2577,212.46,281.33,0,0,68
1064521,111,145,2577,281.33,280.33,0,0,40
1101397,112,145,2577,281.33,281.33,0,0,40
1077727,113,145,2577,282.33,280.33,0,0,53
1207030,114,145,2577,280.33,280.33,0,0,95
1114585,115,145,2577,280.33,281.33,0,0,27
1086491,116,145,2577,281.33,282.33,0,0,123
1168408,117,145,2577,281.33,281.33,0,0,55
1464819,118,145,2577,280.33,281.33,0,0,55
1151905,119,145,2577,281.33,281.33,0,0,14
1044904,120,145,2577,280.33,282.33,0,0,27
1428089,121,145,2577,281.33,282.33,0,0,53
1131237,122,145,2577,280.33,281.33,0,0,15
1336635,123,145,2577,243.53,280.33,0,0,67
1245547,124,145,2577,243.53,282.33,0,0,53
1008736,125,145,2577,280.33,281.33,0,0,40
1197179,126,145,2577,282.33,281.33,0,0,42
1095016,127,145,2577,282.33,280.33,0,0,13
1048059,128,145,2577,281.33,280.33,0,0,42
1137218,129,145,2577,281.33,282.33,0,0,53
1261601,130,145,2577,282.33,282.33,0,0,55
1012987,131,145,2577,320.13,321.13,0,0,53
1140995,132,145,2577,319.13,320.13,0,0,40
1281520,133,145,2577,319.13,319.13,0,0,41
1185635,134,145,2577,320.13,319.13,0,0,67
1270791,135,145,2577,320.13,319.13,0,0,41
1488340,136,145,2577,319.13,320.13,0,0,41
1281100,137,145,2577,321.13,319.13,0,0,53
1068583,139,145,2577,319.13,321.13,0,0,40
1115732,140,145,2577,319.13,319.13,0,0,55
1223909,141,145,2577,321.13,319.13,0,0,27
1384106,142,145,2577,319.13,320.13,0,0,41
1114003,143,145,2577,321.13,319.13,0,0,95
1240870,144,145,2577,320.13,321.13,0,0,68
1304806,145,145,2577,319.13,320.13,0,0,95
1360867,1,145,2640,242.53,242.53,0,0,391
1028290,2,145,2640,241.53,243.53,0,0,244
1278318,3,145,2640,242.53,243.53,0,0,297
1204674,4,145,2640,243.53,243.53,0,0,285
1040098,5,145,2640,243.53,243.53,0,0,163
1317309,6,145,2640,243.53,243.53,0,0,256
1241702,7,145,2640,242.53,242.53,0,0,148
1231621,8,145,2640,241.53,243.53,0,0,296
1497355,9,145,2640,243.53,241.53,0,0,189
1312696,10,145,2640,242.53,242.53,0,0,271
1279095,11,145,2640,243.53,242.53,0,0,202
1058886,12,145,2640,243.53,243.53,0,0,215
1017216,13,145,2640,243.53,241.53,0,0,123
1180899,14,145,2640,242.53,242.53,0,0,244
1050416,15,145,2640,243.53,241.53,0,0,244
1416550,16,145,2640,243.53,242.53,0,0,202
1358435,17,145,2640,241.53,242.53,0,0,216
1275130,18,145,2640,241.53,243.53,0,0,150
1313988,19,145,2640,242.53,242.53,0,0,203
1132475,20,145,2640,243.53,242.53,0,0,231
1259660,21,145,2640,241.53,242.53,0,0,189
1321677,22,145,2640,270.66,270.66,0,0,188
1043109,23,145,2640,282.33,282.33,0,0,148
1294777,24,145,2640,281.33,280.33,0,0,150
1347498,25,145,2640,280.33,282.33,0,0,162
1292265,26,145,2640,280.33,281.33,0,0,216
1492599,27,145,2640,281.33,280.33,0,0,163
1282409,28,145,2640,280.33,282.33,0,0,150
1041698,29,145,2640,280.33,280.33,0,0,229
1189343,30,145,2640,280.33,280.33,0,0,203
1241436,31,145,2640,281.33,282.33,0,0,95
1024748,32,145,2640,282.33,281.33,0,0,230
1494076,33,145,2640,280.33,281.33,0,0,296
1381419,34,145,2640,282.33,280.33,0,0,285
1496574,35,145,2640,282.33,282.33,0,0,189
1279462,36,145,2640,280.33,280.33,0,0,190
1356570,37,145,2640,281.33,280.33,0,0,215
1438213,38,145,2640,281.33,280.33,0,0,231
1305528,39,145,2640,280.33,281.33,0,0,203
1466641,40,145,2640,281.33,280.33,0,0,203
1078822,41,145,2640,280.33,281.33,0,0,229
1196368,42,145,2640,280.33,280.33,0,0,177
1234608,43,145,2640,280.33,282.33,0,0,203
1465140,44,145,2640,282.33,281.33,0,0,256
1287811,45,145,2640,280.33,280.33,0,0,177
1114648,46,145,2640,280.33,280.33,0,0,447
1210028,47,145,2640,280.33,280.33,0,0,230
1404010,48,145,2640,280.33,281.33,0,0,215
1009040,49,145,2640,282.33,281.33,0,0,365
1196850,50,145,2640,282.33,280.33,0,0,350
1155703,51,145,2640,282.33,281.33,0,0,150
1486045,52,145,2640,282.33,282.33,0,0,135
1073666,53,145,2640,282.33,282.33,0,0,176
1291664,54,145,2640,281.33,281.33,0,0,311
1438134,55,145,2640,280.33,280.33,0,0,230
1146555,56,145,2640,282.33,281.33,0,0,243
1435620,57,145,2640,280.33,280.33,0,0,135
1283808,58,145,2640,281.33,281.33,0,0,204
1030800,59,145,2640,281.33,281.33,0,0,189
1330357,60,145,2640,280.33,281.33,0,0,203
1257536,61,145,2640,280.33,280.33,0,0,257
1389011,62,145,2640,281.33,282.33,0,0,82
1476092,63,145,2640,280.33,281.33,0,0,188
1413688,64,145,2640,280.33,281.33,0,0,229
1266847,65,145,2640,280.33,281.33,0,0,136
1254940,66,145,2640,282.33,280.33,0,0,215
1355106,67,145,2640,281.33,280.33,0,0,161
1065262,68,145,2640,281.33,282.33,0,0,136
1286938,69,145,2640,280.33,282.33,0,0,135
1291449,70,145,2640,282.33,282.33,0,0,121
1449318,71,145,2640,280.33,280.33,0,0,190
1364915,72,145,2640,281.33,280.33,0,0,188
1402981,73,145,2640,282.33,281.33,0,0,177
1480941,74,145,2640,282.33,282.33,0,0,203
1141526,75,145,2640,281.33,282.33,0,0,163
1417251,76,145,2640,282.33,282.33,0,0,136
1406851,77,145,2640,281.33,281.33,0,0,95
1056007,78,145,2640,280.33,281.33,0,0,69
1008897,79,145,2640,280.33,281.33,0,0,82
1367303,80,145,2640,281.33,282.33,0,0,107
1273577,81,145,2640,281.33,282.33,0,0,123
1485004,82,145,2640,281.33,282.33,0,0,134
1361914,83,145,2640,280.33,282.33,0,0,134
1005113,84,145,2640,281.33,280.33,0,0,109
1287854,85,145,2640,196.97,280.33,1,1,701
1183089,86,145,2640,194.03,281.33,1,0,512
1134027,87,145,2640,195.94,281.33,0,1,418
1234954,88,145,2640,281.33,282.33,0,0,134
1370570,89,145,2640,281.33,281.33,0,0,244
1081810,90,145,2640,280.33,280.33,0,0,80
1138708,91,145,2640,280.33,282.33,0,0,283
1499682,92,145,2640,283.27,283.27,0,0,150
1440551,93,145,2640,282.33,282.33,0,0,188
1275154,94,145,2640,282.33,282.33,0,0,189
1011508,95,145,2640,280.33,281.33,0,0,202
1155817,96,145,2640,280.33,281.33,0,0,175
1412704,97,145,2640,280.33,282.33,0,0,229
1086467,98,145,2640,281.33,280.33,0,0,188
1002308,99,145,2640,280.33,281.33,0,0,217
1296550,100,145,2640,280.33,280.33,0,0,122
1390230,101,145,2640,281.33,282.33,0,0,269
1436401,102,145,2640,281.33,282.33,0,0,351
1482842,103,145,2640,281.33,281.33,0,0,257
1422816,104,145,2640,282.33,282.33,0,0,95
1117467,105,145,2640,282.33,282.33,0,0,148
1345275,106,145,2640,282.33,280.33,0,0,163
1499729,107,145,2640,219.25,281.33,1,1,285
1470661,108,145,2640,218.28,280.33,1,1,500
1389907,109,145,2640,215.4,282.33,1,0,528
1230997,110,145,2640,212.46,280.33,0,1,312
1071184,111,145,2640,281.33,282.33,0,0,121
1052677,112,145,2640,281.33,282.33,0,0,122
1348327,113,145,2640,282.33,280.33,0,0,161
1083853,114,145,2640,280.33,280.33,0,0,109
1370312,115,145,2640,280.33,281.33,0,0,217
1160395,116,145,2640,280.33,282.33,0,0,229
1107782,117,145,2640,281.33,282.33,0,0,215
1366007,118,145,2640,282.33,282.33,0,0,121
1455333,119,145,2640,282.33,282.33,0,0,136
1328400,120,145,2640,280.33,282.33,0,0,161
1092505,121,145,2640,282.33,281.33,0,0,109
1042384,122,145,2640,281.33,282.33,0,0,176
1183314,123,145,2640,243.47,280.33,0,1,284
1147735,124,145,2640,242.53,280.33,0,1,312
1229872,125,145,2640,280.33,282.33,0,0,82
1495260,126,145,2640,281.33,281.33,0,0,68
1018585,127,145,2640,281.33,280.33,0,0,215
1054348,128,145,2640,281.33,281.33,0,0,109
1249919,129,145,2640,282.33,281.33,0,0,161
1162405,130,145,2640,282.33,280.33,0,0,203
1052553,131,145,2640,320.13,319.13,0,0,67
1166866,132,145,2640,320.13,319.13,0,0,109
1314658,133,145,2640,321.13,321.13,0,0,80
1257080,134,145,2640,320.13,321.13,0,0,14
1151599,135,145,2640,320.13,321.13,0,0,135
1322436,136,145,2640,321.13,319.13,0,0,136
1363987,137,145,2640,321.13,320.13,0,0,149
1220566,138,145,2640,320.13,321.13,0,0,95
1092486,139,145,2640,320.13,320.13,0,0,122
1162361,140,145,2640,320.13,321.13,0,0,161
1396036,141,145,2640,320.13,320.13,0,0,148
1452402,142,145,2640,319.13,319.13,0,0,203
1278533,143,145,2640,319.13,321.13,0,0,149
1454389,144,145,2640,321.13,319.13,0,0,150
1436185,145,145,2640,319.13,320.13,0,0,81
